2026-09-17 23:17:06,058 [INFO] ToolRegistry initialized with 5 tools and 5 policies
2026-09-17 23:17:06,058 [INFO] MCPGateway initialized with 5 tools
2026-09-17 23:17:06,061 [INFO] Admin Server (IPv4) started at http://127.0.0.1:4323
2026-09-17 23:17:06,062 [INFO] Admin Server (IPv6) started at http://[::1]:4323
2026-09-17 23:17:06,090 [ERROR] Phase G: tool discovery failed: register_builtins() missing 5 required positional arguments: 'filesystem', 'process', 'shell', 'git', and 'workspace'
2026-09-17 23:17:06,090 [ERROR] Phase G: model discovery failed: 'ModelDefinition' object has no attribute 'state'
2026-09-17 23:17:07,049 [ERROR] Phase H: smoke test FAILED for repository.read: GitHub client not initialized
2026-09-17 23:17:07,049 [INFO] Phase H: smoke test PASSED for filesystem.list
2026-09-17 23:17:07,050 [ERROR] Phase H: Critical capability NOT AUTHORIZED: runtime.status
2026-09-17 23:17:07,050 [ERROR] Phase H: Critical capability NOT AUTHORIZED: model.resolve
2026-09-17 23:17:07,050 [ERROR] Phase H: Critical capability NOT AUTHORIZED: worker.resolve
2026-09-17 23:17:07,050 [INFO] Phase H: smoke test PASSED for repository.search
2026-09-17 23:17:07,050 [ERROR] Phase H: Critical capability NOT AUTHORIZED: runtime.execution
2026-09-17 23:17:07,050 [ERROR] Phase H: smoke test FAILED for fabric.read: Fabric adapter not initialized
2026-09-17 23:17:07,050 [ERROR] Phase H: Critical capability NOT AUTHORIZED: tool.resolve
2026-09-17 23:17:07,051 [INFO] Phase H: smoke test PASSED for filesystem.inspect
2026-09-17 23:17:07,051 [WARNING] Bootstrap BLOCKED. Failed mandatory gates: ['FABRIC_IDENTITY_VERIFIED', 'MODELS_INVENTORIED', 'FABRIC_STATE_READABLE', 'RUNTIME_HEALTH_VERIFIED', 'GITHUB_CONNECTED', 'FABRIC_PROVENANCE_VALID', 'RUNTIME_BINDING_VERIFIED', 'CONTRACTS_DISCOVERED', 'FABRIC_TRUST_VERIFIED', 'FABRIC_TENANT_BOUND', 'TOOLS_INVENTORIED', 'RUNTIME_REACHABLE', 'CONTINUITY_COHERENT', 'PLANE_RECONCILIATION', 'DELEGATION_CONTEXT_BUILT', 'FABRIC_REACHABLE', 'POLICY_SNAPSHOT_FRESH', 'GITHUB_ORG_BOUND', 'CRITICAL_ACCESS_VERIFIED', 'FABRIC_NODE_AT_REMOTE_HEAD', 'RUNTIME_ADMITTED']
2026-09-17 23:17:07,848 [INFO] First-run session created: 28abeca4053b55a18a873d182448090d
2026-09-17 23:17:07,867 [INFO] First-run session created: 8951479501244676488bcf00a3734ea9
2026-09-17 23:17:07,883 [INFO] First-run session created: 8921fdffc91666cd185252049c5223e8
